[2026-09-08 16:26:20] Script: C:\Users\lmhsilva\Projetos\StartupOne\entrega\06_Oracle\sql\05_scoring_views.sql
[2026-09-08 16:26:20] Conexao: STARTUP@localhost:1521/FREEPDB1 | 20 statement(s)
[16:26:20] #01 CREATE  CREATE OR REPLACE VIEW VW_RISCO_ALUNO_ATUAL AS SELECT s.NOME, s.DT_CORTE, s.NUM_FASE_AT...
      OK em 1.06s
[16:26:21] #02 CREATE  CREATE OR REPLACE VIEW VW_RISCO_TRANSICAO_ATUAL AS SELECT t.NOME, t.NUM_FASE, t.NOME_FA...
      OK em 0.09s
[16:26:21] #03 PLSQL   BEGIN EXECUTE IMMEDIATE 'DROP VIEW RISCO_ALUNO_DV'; EXCEPTION WHEN OTHERS THEN IF SQLCO...
      OK em 0.22s
[16:26:21] #04 PLSQL   BEGIN EXECUTE IMMEDIATE 'DROP TABLE RISCO_ALUNO_SNAPSHOT PURGE'; EXCEPTION WHEN OTHERS ...
      OK em 3.68s
[16:26:25] #05 CREATE  CREATE TABLE RISCO_ALUNO_SNAPSHOT ( NOME VARCHAR2(30 CHAR) NOT NULL, DT_CORTE DATE NOT ...
      OK em 0.12s
[16:26:25] #06 CREATE  CREATE INDEX IX_RISCO_SNAPSHOT_FAIXA ON RISCO_ALUNO_SNAPSHOT (FAIXA_RISCO, PROB_INATIVO...
      OK em 0.03s
[16:26:25] #07 PLSQL   CREATE OR REPLACE PROCEDURE PRC_ATUALIZAR_RISCO IS v_t0 TIMESTAMP := SYSTIMESTAMP; v_qt...
      OK em 0.92s
[16:26:26] #08 PLSQL   BEGIN PRC_ATUALIZAR_RISCO; END;
      OK em 121.84s
[16:28:28] #09 PLSQL   BEGIN BEGIN DBMS_SCHEDULER.DROP_JOB('JOB_RETENA_SCORING_SEMANAL', force => TRUE); EXCEP...
      OK em 0.13s
[16:28:28] #10 SELECT  SELECT job_name, job_type, job_action, repeat_interval, enabled, state, TO_CHAR(next_ru...
      ----------------------------+------------------+---------------------+------------------------------------------+---------+-----------+-------------------------
       JOB_NAME                   | JOB_TYPE         | JOB_ACTION          | REPEAT_INTERVAL                          | ENABLED | STATE     | PROXIMA_EXECUCAO        
      ----------------------------+------------------+---------------------+------------------------------------------+---------+-----------+-------------------------
       JOB_RETENA_SCORING_SEMANAL | STORED_PROCEDURE | PRC_ATUALIZAR_RISCO | FREQ=WEEKLY; BYDAY=MON; BYHOUR=6; BYM... | TRUE    | SCHEDULED | 2026-09-14 06:00 +00:00 
      ----------------------------+------------------+---------------------+------------------------------------------+---------+-----------+-------------------------
      1 linha(s) exibida(s) em 0.01s
[16:28:28] #11 CREATE  CREATE OR REPLACE VIEW VW_RISCO_JSON AS SELECT JSON_OBJECT( 'produto' VALUE 'Retena', '...
      OK em 0.01s
[16:28:28] #12 CREATE  CREATE OR REPLACE JSON RELATIONAL DUALITY VIEW RISCO_ALUNO_DV AS SELECT JSON { '_id' : ...
      OK em 0.03s
[16:28:28] #13 SELECT  SELECT JSON_SERIALIZE(dv.DATA PRETTY) documento FROM RISCO_ALUNO_DV dv WHERE dv.DATA.fa...
      ------------------------------------------
       DOCUMENTO                                
      ------------------------------------------
       {   "_id" : "Aluno 0225",   "_metadat... 
      ------------------------------------------
      1 linha(s) exibida(s) em 0.02s
[16:28:28] #14 UPDATE  UPDATE RISCO_ALUNO_DV dv SET dv.DATA = JSON_TRANSFORM(dv.DATA, SET '$.atendimento.statu...
      OK - 1 linha(s) afetada(s) em 0.03s
[16:28:28] #15 SELECT  SELECT NOME, FAIXA_RISCO, STATUS_ATENDIMENTO, OBSERVACAO FROM RISCO_ALUNO_SNAPSHOT WHER...
      ------------+-------------+--------------------+------------------------------------------
       NOME       | FAIXA_RISCO | STATUS_ATENDIMENTO | OBSERVACAO                               
      ------------+-------------+--------------------+------------------------------------------
       Aluno 0045 | Alto        | CONTATADO          | Teste de escrita via duality view (05... 
      ------------+-------------+--------------------+------------------------------------------
      1 linha(s) exibida(s) em 0.01s
[16:28:28] #16 UPDATE  UPDATE RISCO_ALUNO_SNAPSHOT SET STATUS_ATENDIMENTO = 'PENDENTE', OBSERVACAO = NULL WHER...
      OK - 1 linha(s) afetada(s) em 0.00s
[16:28:28] #17 COMMIT  COMMIT
      OK em 0.00s
[16:28:28] #18 SELECT  SELECT FAIXA_RISCO, COUNT(*) alunos, ROUND(AVG(PROB_INATIVO_21D), 4) prob_media, ROUND(...
      -------------+--------+------------+----------------+-------------------
       FAIXA_RISCO | ALUNOS | PROB_MEDIA | RECENCIA_MEDIA | EVENTOS_28D_MEDIA 
      -------------+--------+------------+----------------+-------------------
       Alto        | 59     | 0.8444     | 86.4           | 0.4               
       Médio       | 15     | 0.4719     | 13.9           | 50.7              
       Baixo       | 129    | 0.0539     | 4.8            | 1020.5            
      -------------+--------+------------+----------------+-------------------
      3 linha(s) exibida(s) em 0.01s
[16:28:28] #19 SELECT  SELECT NOME, NUM_FASE_ATUAL fase, RECENCIA_DIAS recencia, EVENTOS_28D ev_28d, PROB_INAT...
      ------------+------+----------+--------+---------+----------+-------+-----------+------------------------------------------
       NOME       | FASE | RECENCIA | EV_28D | PROB_RF | PROB_GLM | FAIXA | PROB_FASE | FATORES_TOP3                             
      ------------+------+----------+--------+---------+----------+-------+-----------+------------------------------------------
       Aluno 0045 | 4    | 76       | 0      | 0.9237  | 0.9989   | Alto  | 0.9296    | RECENCIA_DIAS=76 (peso 82.10); DIAS_A... 
       Aluno 0046 | 3    | 76       | 0      | 0.9237  | 0.9989   | Alto  | 0.8915    | RECENCIA_DIAS=76 (peso 82.10); DIAS_A... 
       Aluno 0047 | 1    | 76       | 0      | 0.9237  | 0.9989   | Alto  | 0.7227    | RECENCIA_DIAS=76 (peso 82.10); DIAS_A... 
       Aluno 0048 | 1    | 77       | 0      | 0.9237  | 0.999    | Alto  | 0.9813    | RECENCIA_DIAS=77 (peso 82.10); DIAS_A... 
       Aluno 0052 | 1    | 77       | 0      | 0.9237  | 0.999    | Alto  | 0.9231    | RECENCIA_DIAS=77 (peso 82.10); DIAS_A... 
       Aluno 0076 | 4    | 106      | 0      | 0.9237  | 0.9999   | Alto  | 0.3453    | RECENCIA_DIAS=106 (peso 82.10); DIAS_... 
       Aluno 0121 | 4    | 120      | 0      | 0.9237  | 1        | Alto  | 0.9561    | RECENCIA_DIAS=120 (peso 82.10); DIAS_... 
       Aluno 0154 | 4    | 154      | 0      | 0.9237  | 1        | Alto  | 0.9397    | RECENCIA_DIAS=154 (peso 82.10); DIAS_... 
       Aluno 0165 | 4    | 125      | 0      | 0.9237  | 1        | Alto  | 0.9572    | RECENCIA_DIAS=125 (peso 82.10); DIAS_... 
       Aluno 0167 | 2    | 155      | 0      | 0.9237  | 1        | Alto  | 0.9463    | RECENCIA_DIAS=155 (peso 82.10); DIAS_... 
      ------------+------+----------+--------+---------+----------+-------+-----------+------------------------------------------
      10 linha(s) exibida(s) em 0.01s
[16:28:28] #20 SELECT  SELECT DBMS_LOB.GETLENGTH(PAYLOAD) bytes_payload, JSON_VALUE(PAYLOAD, '$.total_alunos')...
      ---------------+-------+------+-------+-------+------------------
       BYTES_PAYLOAD | TOTAL | ALTO | MEDIO | BAIXO | PRIMEIRO_DA_FILA 
      ---------------+-------+------+-------+-------+------------------
       89871         | 203   | 59   | 15    | 129   | Aluno 0045       
      ---------------+-------+------+-------+-------+------------------
      1 linha(s) exibida(s) em 0.01s
[2026-09-08 16:28:28] Fim: 20 ok, 0 erro(s), 128.3s
