[2026-09-08 16:09:52] Script: C:\Users\lmhsilva\Projetos\StartupOne\entrega\06_Oracle\sql\05_scoring_views.sql
[2026-09-08 16:09:52] Conexao: STARTUP@localhost:1521/FREEPDB1 | 19 statement(s)
[16:09:52] #01 CREATE  CREATE OR REPLACE VIEW VW_RISCO_ALUNO_ATUAL AS SELECT s.NOME, s.DT_CORTE, s.NUM_FASE_AT...
      OK em 0.11s
[16:09:52] #02 PLSQL   BEGIN EXECUTE IMMEDIATE 'DROP VIEW RISCO_ALUNO_DV'; EXCEPTION WHEN OTHERS THEN IF SQLCO...
      OK em 0.02s
[16:09:52] #03 PLSQL   BEGIN EXECUTE IMMEDIATE 'DROP TABLE RISCO_ALUNO_SNAPSHOT PURGE'; EXCEPTION WHEN OTHERS ...
      OK em 0.05s
[16:09:52] #04 CREATE  CREATE TABLE RISCO_ALUNO_SNAPSHOT ( NOME VARCHAR2(30 CHAR) NOT NULL, DT_CORTE DATE NOT ...
      OK em 0.02s
[16:09:52] #05 CREATE  CREATE INDEX IX_RISCO_SNAPSHOT_FAIXA ON RISCO_ALUNO_SNAPSHOT (FAIXA_RISCO, PROB_INATIVO...
      OK em 0.01s
[16:09:52] #06 PLSQL   CREATE OR REPLACE PROCEDURE PRC_ATUALIZAR_RISCO IS v_t0 TIMESTAMP := SYSTIMESTAMP; v_qt...
      OK em 0.09s
[16:09:52] #07 PLSQL   BEGIN PRC_ATUALIZAR_RISCO; END;
      ERRO em 769.20s: DPY-4011: the database or network closed the connection
ORA-00028: session has been terminated
ORA-06512: at "STARTUP.PRC_ATUALIZAR_RISCO", line 5
ORA-06512: at line 2
Help: https://docs.oracle.com/error-help/db/ora-00028/
[16:22:41] #08 PLSQL   BEGIN BEGIN DBMS_SCHEDULER.DROP_JOB('JOB_RETENA_SCORING_SEMANAL', force => TRUE); EXCEP...
      ERRO em 0.00s: DPY-1001: not connected to database
[16:22:41] #09 SELECT  SELECT job_name, job_type, job_action, repeat_interval, enabled, state, TO_CHAR(next_ru...
      ERRO em 0.00s: DPY-1001: not connected to database
[16:22:41] #10 CREATE  CREATE OR REPLACE VIEW VW_RISCO_JSON AS SELECT JSON_OBJECT( 'produto' VALUE 'Retena', '...
      ERRO em 0.00s: DPY-1001: not connected to database
[16:22:41] #11 CREATE  CREATE OR REPLACE JSON RELATIONAL DUALITY VIEW RISCO_ALUNO_DV AS SELECT JSON { '_id' : ...
      ERRO em 0.00s: DPY-1001: not connected to database
[16:22:41] #12 SELECT  SELECT JSON_SERIALIZE(dv.DATA PRETTY) documento FROM RISCO_ALUNO_DV dv WHERE dv.DATA.fa...
      ERRO em 0.00s: DPY-1001: not connected to database
[16:22:41] #13 UPDATE  UPDATE RISCO_ALUNO_DV dv SET dv.DATA = JSON_TRANSFORM(dv.DATA, SET '$.atendimento.statu...
      ERRO em 0.00s: DPY-1001: not connected to database
[16:22:41] #14 SELECT  SELECT NOME, FAIXA_RISCO, STATUS_ATENDIMENTO, OBSERVACAO FROM RISCO_ALUNO_SNAPSHOT WHER...
      ERRO em 0.00s: DPY-1001: not connected to database
[16:22:41] #15 UPDATE  UPDATE RISCO_ALUNO_SNAPSHOT SET STATUS_ATENDIMENTO = 'PENDENTE', OBSERVACAO = NULL WHER...
      ERRO em 0.00s: DPY-1001: not connected to database
[16:22:41] #16 COMMIT  COMMIT
      ERRO em 0.00s: DPY-1001: not connected to database
[16:22:41] #17 SELECT  SELECT FAIXA_RISCO, COUNT(*) alunos, ROUND(AVG(PROB_INATIVO_21D), 4) prob_media, ROUND(...
      ERRO em 0.00s: DPY-1001: not connected to database
[16:22:41] #18 SELECT  SELECT NOME, NUM_FASE_ATUAL fase, RECENCIA_DIAS recencia, EVENTOS_28D ev_28d, PROB_INAT...
      ERRO em 0.00s: DPY-1001: not connected to database
[16:22:41] #19 SELECT  SELECT DBMS_LOB.GETLENGTH(PAYLOAD) bytes_payload, JSON_VALUE(PAYLOAD, '$.total_alunos')...
      ERRO em 0.00s: DPY-1001: not connected to database
