[2026-09-08 12:11:42] Inicio da carga | parquet: C:\Users\lmhsilva\Projetos\StartupOne\entrega\08_Dados\logs_lms.parquet
[2026-09-08 12:11:42] Script: C:\Users\lmhsilva\Projetos\StartupOne\entrega\06_Oracle\sql\01_ddl.sql
[2026-09-08 12:11:42] Conexao: STARTUP@localhost:1521/FREEPDB1 | 14 statement(s)
[12:11:42] #01 PLSQL   DECLARE PROCEDURE drop_se_existe(p_tipo VARCHAR2, p_nome VARCHAR2) IS v_qtd NUMBER; BEG...
      OK em 0.02s
[12:11:42] #02 CREATE  CREATE TABLE DIM_FASE ( NUM_FASE NUMBER(1) NOT NULL, NOME_FASE VARCHAR2(20 CHAR) NOT NU...
      OK em 0.04s
[12:11:42] #03 INSERT  INSERT INTO DIM_FASE (NUM_FASE, NOME_FASE, TOTAL_CAPITULOS) SELECT 1, 'Fase 1', 10 FROM...
      OK - 5 linha(s) afetada(s) em 0.12s
[12:11:42] #04 CREATE  CREATE TABLE DIM_TIPO_EVENTO ( EVENTO VARCHAR2(120 CHAR) NOT NULL, CLASSE_EVENTO VARCHA...
      OK em 0.03s
[12:11:42] #05 INSERT  INSERT INTO DIM_TIPO_EVENTO (EVENTO, CLASSE_EVENTO, OBSERVACAO) SELECT 'Progresso de co...
      OK - 12 linha(s) afetada(s) em 0.02s
[12:11:42] #06 CREATE  CREATE TABLE EVENTOS_LMS ( ID_EVENTO NUMBER GENERATED ALWAYS AS IDENTITY, FASE VARCHAR2...
      OK em 0.03s
[12:11:42] #07 COMMENT COMMENT ON TABLE EVENTOS_LMS IS 'Eventos brutos do LMS (export FIAP ON / Moodle-like). ...
      OK em 0.01s
[12:11:42] #08 COMMENT COMMENT ON COLUMN EVENTOS_LMS.TS_EVENTO IS 'Data/hora do evento (origem "dd/mm/yyyy HH2...
      OK em 0.01s
[12:11:42] #09 COMMENT COMMENT ON COLUMN EVENTOS_LMS.NOME IS 'Aluno anonimizado ("Aluno NNNN") ou "-" para eve...
      OK em 0.01s
[12:11:42] #10 COMMENT COMMENT ON COLUMN EVENTOS_LMS.CAPITULO IS 'Capitulo extraido do contexto via regex "Cap...
      OK em 0.01s
[12:11:43] #11 CREATE  CREATE INDEX IX_EVENTOS_ALUNO_FASE_TS ON EVENTOS_LMS (NOME, NUM_FASE, TS_EVENTO)
      OK em 0.02s
[12:11:43] #12 CREATE  CREATE INDEX IX_EVENTOS_TS ON EVENTOS_LMS (TS_EVENTO)
      OK em 0.01s
[12:11:43] #13 CREATE  CREATE INDEX IX_EVENTOS_EVENTO ON EVENTOS_LMS (EVENTO)
      OK em 0.01s
[12:11:43] #14 COMMIT  COMMIT
      OK em 0.00s
[2026-09-08 12:11:43] Fim: 14 ok, 0 erro(s), 0.3s

Parquet lido: 684.723 linhas x 9 colunas
[12:11:47] lote   1:   10.000 / 684.723 linhas (  1.5%) -    0.4s
[12:11:53] lote  11:  110.000 / 684.723 linhas ( 16.1%) -    6.8s
[12:12:03] lote  21:  210.000 / 684.723 linhas ( 30.7%) -   16.7s
[12:12:15] lote  31:  310.000 / 684.723 linhas ( 45.3%) -   28.9s
[12:12:26] lote  41:  410.000 / 684.723 linhas ( 59.9%) -   39.8s
[12:12:37] lote  51:  510.000 / 684.723 linhas ( 74.5%) -   50.6s
[12:12:49] lote  61:  610.000 / 684.723 linhas ( 89.1%) -   62.8s
[12:12:58] lote  69:  684.723 / 684.723 linhas (100.0%) -   71.5s
COMMIT - 684.723 linhas inseridas em 71.6s
DBMS_STATS.GATHER_TABLE_STATS(EVENTOS_LMS) - ok

== EVENTOS_LMS - totais ==
---------------+-------------------+------------------+------------------+------------------
 TOTAL_EVENTOS | EVENTOS_DE_ALUNOS | ALUNOS_DISTINTOS | PRIMEIRO_EVENTO  | ULTIMO_EVENTO    
---------------+-------------------+------------------+------------------+------------------
 684723        | 679892            | 203              | 2026-01-15 11:14 | 2026-08-26 09:34 
---------------+-------------------+------------------+------------------+------------------

== Eventos por fase ==
----------+-----------+-----------------+---------+--------+------------------------+----------------------
 NUM_FASE | NOME_FASE | TOTAL_CAPITULOS | EVENTOS | ALUNOS | CAPITULO_MAX_OBSERVADO | EVENTOS_COM_CAPITULO 
----------+-----------+-----------------+---------+--------+------------------------+----------------------
 1        | Fase 1    | 10              | 69615   | 175    | 10                     | 12762                
 2        | Fase 2    | 12              | 178369  | 174    | 12                     | 16112                
 3        | Fase 3    | 10              | 175013  | 179    | 10                     | 78827                
 4        | Fase 4    | 11              | 149141  | 166    | 11                     | 132726               
 5        | Fase 5    | 8               | 112585  | 161    | 8                      | 109648               
----------+-----------+-----------------+---------+--------+------------------------+----------------------

== Eventos de alunos por classe (DIM_TIPO_EVENTO) ==
---------------+---------
 CLASSE_EVENTO | EVENTOS 
---------------+---------
 PROGRESSO     | 501334  
 VISUALIZACAO  | 131644  
 NOTA          | 19822   
 OUTRO         | 13281   
 QUIZ_INICIO   | 6304    
 QUIZ_ENTREGA  | 5835    
 ENTREGA       | 1672    
---------------+---------

== Indices ==
--------------------------+------------+--------
 INDEX_NAME               | UNIQUENESS | STATUS 
--------------------------+------------+--------
 IX_EVENTOS_ALUNO_FASE_TS | NONUNIQUE  | VALID  
 IX_EVENTOS_EVENTO        | NONUNIQUE  | VALID  
 IX_EVENTOS_TS            | NONUNIQUE  | VALID  
 PK_EVENTOS_LMS           | UNIQUE     | VALID  
--------------------------+------------+--------

[2026-09-08 12:13:11] Carga concluida em 89.2s
